python : Exception in thread Thread-3 (_readerthread):
所在位置 C:\Users\85765\AppData\Local\Temp\ps-script-e809bc49-ffb0-4d74-92fb-b1825b4f3677.ps1:84 字符: 72
+ ... THONIOENCODING='utf-8'; python test_all.py *> test_output.txt; Get-Co ...
+                             ~~~~~~~~~~~~~~~~~~~~~~~~~~~~~~~~~~~~~
    + CategoryInfo          : NotSpecified: (Exception in th..._readerthread)::String) [], RemoteException
    + FullyQualifiedErrorId : NativeCommandError
 
Traceback (most recent call last):
  File "D:\python\Lib\threading.py", line 1044, in _bootstrap_inner
    self.run()
    ~~~~~~~~^^
  File "D:\python\Lib\threading.py", line 995, in run
    self._target(*self._args, **self._kwargs)
    ~~~~~~~~~~~~^^^^^^^^^^^^^^^^^^^^^^^^^^^^^
  File "D:\python\Lib\subprocess.py", line 1615, in _readerthread
    buffer.append(fh.read())
                  ~~~~~~~^^
UnicodeDecodeError: 'gbk' codec can't decode byte 0xac in position 71: illegal multibyte sequence
Exception in thread Thread-5 (_readerthread):
Traceback (most recent call last):
  File "D:\python\Lib\threading.py", line 1044, in _bootstrap_inner
    self.run()
    ~~~~~~~~^^
  File "D:\python\Lib\threading.py", line 995, in run
    self._target(*self._args, **self._kwargs)
    ~~~~~~~~~~~~^^^^^^^^^^^^^^^^^^^^^^^^^^^^^
  File "D:\python\Lib\subprocess.py", line 1615, in _readerthread
    buffer.append(fh.read())
                  ~~~~~~~^^
UnicodeDecodeError: 'gbk' codec can't decode byte 0xac in position 72: illegal multibyte sequence
Exception in thread Thread-7 (_readerthread):
Traceback (most recent call last):
  File "D:\python\Lib\threading.py", line 1044, in _bootstrap_inner
    self.run()
    ~~~~~~~~^^
  File "D:\python\Lib\threading.py", line 995, in run
    self._target(*self._args, **self._kwargs)
    ~~~~~~~~~~~~^^^^^^^^^^^^^^^^^^^^^^^^^^^^^
  File "D:\python\Lib\subprocess.py", line 1615, in _readerthread
    buffer.append(fh.read())
                  ~~~~~~~^^
UnicodeDecodeError: 'gbk' codec can't decode byte 0x80 in position 66: illegal multibyte sequence
Exception in thread Thread-25 (_readerthread):
Traceback (most recent call last):
  File "D:\python\Lib\threading.py", line 1044, in _bootstrap_inner
    self.run()
    ~~~~~~~~^^
  File "D:\python\Lib\threading.py", line 995, in run
    self._target(*self._args, **self._kwargs)
    ~~~~~~~~~~~~^^^^^^^^^^^^^^^^^^^^^^^^^^^^^
  File "D:\python\Lib\subprocess.py", line 1615, in _readerthread
    buffer.append(fh.read())
                  ~~~~~~~^^
UnicodeDecodeError: 'gbk' codec can't decode byte 0x80 in position 113: illegal multibyte sequence
Exception in thread Thread-27 (_readerthread):
Traceback (most recent call last):
  File "D:\python\Lib\threading.py", line 1044, in _bootstrap_inner
    self.run()
    ~~~~~~~~^^
  File "D:\python\Lib\threading.py", line 995, in run
    self._target(*self._args, **self._kwargs)
    ~~~~~~~~~~~~^^^^^^^^^^^^^^^^^^^^^^^^^^^^^
  File "D:\python\Lib\subprocess.py", line 1615, in _readerthread
    buffer.append(fh.read())
                  ~~~~~~~^^
UnicodeDecodeError: 'gbk' codec can't decode byte 0x80 in position 53: illegal multibyte sequence
============================================================
鍏ㄥ姛鑳借嚜鍔ㄥ寲娴嬭瘯
============================================================
鉂?鍋ュ悍妫€鏌? HTTP 0 != 200: {"status":"ok"}200
鉂?浼佷笟鏌ヨ ENT001: 'NoneType' object has no attribute 'strip'
鉂?浼佷笟PK 3瀹? 'NoneType' object has no attribute 'strip'
鉂?棰勮娓呭崟: 'NoneType' object has no attribute 'strip'
鉂?AI瀵硅瘽-绋庡姟鍋ュ悍: HTTP 0 != 200: {"detail":[{"type":"json_invalid","loc":["body",0],"msg":"JSON decode error","input":{},"ctx":{"error":"Expecting value"}}]}
鉂?AI瀵硅瘽-缁忚惀鐪熷疄鎬? HTTP 0 != 200: {"detail":[{"type":"json_invalid","loc":["body",0],"msg":"JSON decode error","input":{},"ctx":{"error":"Expecting value"}}]}
鉂?AI瀵硅瘽-琛屼笟瀵规瘮: HTTP 0 != 200: {"detail":[{"type":"json_invalid","loc":["body",0],"msg":"JSON decode error","input":{},"ctx":{"error":"Expecting value"}}]}
鉂?AI瀵硅瘽-椋庨櫓棰勮: HTTP 0 != 200: {"detail":[{"type":"json_invalid","loc":["body",0],"msg":"JSON decode error","input":{},"ctx":{"error":"Expecting value"}}]}
鉂?AI瀵硅瘽-鐢熸垚鎶ュ憡: HTTP 0 != 200: {"detail":[{"type":"json_invalid","loc":["body",0],"msg":"JSON decode error","input":{},"ctx":{"error":"Expecting value"}}]}
鉂?AI瀵硅瘽-PK: HTTP 0 != 200: {"detail":[{"type":"json_invalid","loc":["body",0],"msg":"JSON decode error","input":{},"ctx":{"error":"Expecting value"}}]}
鉂?AI瀵硅瘽-澶嶆潅闂硶: HTTP 0 != 200: {"detail":[{"type":"json_invalid","loc":["body",0],"msg":"JSON decode error","input":{},"ctx":{"error":"Expecting value"}}]}
鉂?鎰忓浘璇嗗埆鍑嗙‘鐜? argument of type 'NoneType' is not iterable
鉂?浜т笟閾惧浘璋辫矾寰? 'NoneType' object has no attribute 'strip'
鉂?LLM闄嶇骇(鏈厤缃獙璇?: 

============================================================
閫氳繃: 0/15  澶辫触: 15/15
============================================================
